src/app/admin/features/platformSettings/components/TenantOverrideSimulator.tsx(20,103): error TS2339: Property 'storage' does not exist on type 'SystemConfig'.
src/app/admin/features/platformSettings/components/TenantOverrideSimulator.tsx(24,105): error TS2339: Property 'storage' does not exist on type 'SystemConfig'.
src/app/admin/features/platformSettings/components/TenantOverrideSimulator.tsx(61,140): error TS2339: Property 'storage' does not exist on type 'SystemConfig'.
src/app/admin/mockData.ts(15,3): error TS2305: Module '"./types"' has no exported member 'AuditLogEntry'.
src/app/pages/super-admin/settings/sections/DepartmentsSection.tsx(36,43): error TS7006: Parameter 'd' implicitly has an 'any' type.
src/app/pages/super-admin/settings/sections/DepartmentsSection.tsx(48,25): error TS7006: Parameter 'a' implicitly has an 'any' type.
src/app/pages/super-admin/settings/sections/DepartmentsSection.tsx(48,28): error TS7006: Parameter 'b' implicitly has an 'any' type.
src/app/pages/super-admin/settings/sections/DepartmentsSection.tsx(50,25): error TS7006: Parameter 'a' implicitly has an 'any' type.
src/app/pages/super-admin/settings/sections/DepartmentsSection.tsx(50,28): error TS7006: Parameter 'b' implicitly has an 'any' type.
src/app/pages/super-admin/settings/sections/DepartmentsSection.tsx(53,8): error TS7006: Parameter 'a' implicitly has an 'any' type.
src/app/pages/super-admin/settings/sections/DepartmentsSection.tsx(53,11): error TS7006: Parameter 'b' implicitly has an 'any' type.
src/app/pages/super-admin/settings/sections/DepartmentsSection.tsx(133,38): error TS7006: Parameter 'd' implicitly has an 'any' type.
src/app/pages/super-admin/settings/sections/DepartmentsSection.tsx(140,38): error TS7006: Parameter 'acc' implicitly has an 'any' type.
src/app/pages/super-admin/settings/sections/DepartmentsSection.tsx(140,43): error TS7006: Parameter 'curr' implicitly has an 'any' type.
src/app/pages/super-admin/settings/sections/DepartmentsSection.tsx(147,38): error TS7006: Parameter 'd' implicitly has an 'any' type.
src/app/pages/super-admin/settings/sections/DepartmentsSection.tsx(295,33): error TS7006: Parameter 'd' implicitly has an 'any' type.
src/app/pages/super-admin/settings/sections/DepartmentsSection.tsx(295,36): error TS7006: Parameter 'idx' implicitly has an 'any' type.
src/app/pages/super-admin/settings/sections/EmployeeNotificationsSection.tsx(115,20): error TS2552: Cannot find name 'Toggle'. Did you mean 'ontoggle'?
src/app/pages/super-admin/settings/sections/EmployeeNotificationsSection.tsx(139,16): error TS2552: Cannot find name 'Toggle'. Did you mean 'ontoggle'?
src/app/pages/super-admin/settings/sections/HolidayCalendarSection.tsx(43,45): error TS7006: Parameter 'h' implicitly has an 'any' type.
src/app/pages/super-admin/settings/sections/HolidayCalendarSection.tsx(104,40): error TS2304: Cannot find name 'HolidayRecord'.
src/app/pages/super-admin/settings/sections/HolidayCalendarSection.tsx(186,41): error TS7006: Parameter 'h' implicitly has an 'any' type.
src/app/pages/super-admin/settings/sections/HolidayCalendarSection.tsx(194,41): error TS7006: Parameter 'h' implicitly has an 'any' type.
src/app/pages/super-admin/settings/sections/HolidayCalendarSection.tsx(201,41): error TS7006: Parameter 'h' implicitly has an 'any' type.
src/app/pages/super-admin/settings/sections/HolidayCalendarSection.tsx(426,34): error TS7006: Parameter 'h' implicitly has an 'any' type.
src/app/pages/super-admin/settings/sections/HolidayCalendarSection.tsx(426,37): error TS7006: Parameter 'idx' implicitly has an 'any' type.
src/app/pages/super-admin/settings/sections/HolidayCalendarSection.tsx(610,32): error TS7006: Parameter 'h' implicitly has an 'any' type.
src/app/pages/super-admin/settings/sections/HolidayCalendarSection.tsx(610,35): error TS7006: Parameter 'i' implicitly has an 'any' type.
src/app/pages/super-admin/settings/sections/LeavePolicySection.tsx(162,34): error TS7006: Parameter 'l' implicitly has an 'any' type.
src/app/pages/super-admin/settings/sections/LeavePolicySection.tsx(162,37): error TS7006: Parameter 'idx' implicitly has an 'any' type.
src/app/pages/super-admin/settings/sections/LeavePolicySection.tsx(615,32): error TS7006: Parameter 'l' implicitly has an 'any' type.
src/app/pages/super-admin/settings/sections/LocationsSection.tsx(44,46): error TS7006: Parameter 'l' implicitly has an 'any' type.
src/app/pages/super-admin/settings/sections/LocationsSection.tsx(58,24): error TS7006: Parameter 'a' implicitly has an 'any' type.
src/app/pages/super-admin/settings/sections/LocationsSection.tsx(58,27): error TS7006: Parameter 'b' implicitly has an 'any' type.
src/app/pages/super-admin/settings/sections/LocationsSection.tsx(60,24): error TS7006: Parameter 'a' implicitly has an 'any' type.
src/app/pages/super-admin/settings/sections/LocationsSection.tsx(60,27): error TS7006: Parameter 'b' implicitly has an 'any' type.
src/app/pages/super-admin/settings/sections/LocationsSection.tsx(62,24): error TS7006: Parameter 'a' implicitly has an 'any' type.
src/app/pages/super-admin/settings/sections/LocationsSection.tsx(62,27): error TS7006: Parameter 'b' implicitly has an 'any' type.
src/app/pages/super-admin/settings/sections/LocationsSection.tsx(146,42): error TS7006: Parameter 'l' implicitly has an 'any' type.
src/app/pages/super-admin/settings/sections/LocationsSection.tsx(154,16): error TS7006: Parameter 'acc' implicitly has an 'any' type.
src/app/pages/super-admin/settings/sections/LocationsSection.tsx(154,21): error TS7006: Parameter 'curr' implicitly has an 'any' type.
src/app/pages/super-admin/settings/sections/LocationsSection.tsx(164,16): error TS7006: Parameter 'l' implicitly has an 'any' type.
src/app/pages/super-admin/settings/sections/LocationsSection.tsx(331,32): error TS7006: Parameter 'l' implicitly has an 'any' type.
src/app/pages/super-admin/settings/sections/LocationsSection.tsx(331,35): error TS7006: Parameter 'idx' implicitly has an 'any' type.
src/app/pages/super-admin/settings/sections/PayrollSettingsSection.tsx(222,40): error TS7006: Parameter 'c' implicitly has an 'any' type.
src/app/pages/super-admin/settings/sections/PayrollSettingsSection.tsx(222,43): error TS7006: Parameter 'idx' implicitly has an 'any' type.
src/app/pages/super-admin/settings/sections/RolesPermissionsSection.tsx(131,27): error TS7006: Parameter 'role' implicitly has an 'any' type.
src/app/pages/super-admin/settings/sections/RolesPermissionsSection.tsx(170,24): error TS2304: Cannot find name 'LockIcon'.
src/app/pages/super-admin/settings/sections/RolesPermissionsSection.tsx(299,31): error TS7006: Parameter 'role' implicitly has an 'any' type.
src/app/pages/super-admin/settings/sections/RolesPermissionsSection.tsx(316,36): error TS7006: Parameter 'group' implicitly has an 'any' type.
src/app/pages/super-admin/settings/sections/RolesPermissionsSection.tsx(326,40): error TS7006: Parameter 'prev' implicitly has an 'any' type.
src/app/pages/super-admin/settings/sections/RolesPermissionsSection.tsx(351,38): error TS7006: Parameter 'mod' implicitly has an 'any' type.
src/app/pages/super-admin/settings/sections/RolesPermissionsSection.tsx(363,39): error TS7006: Parameter 'role' implicitly has an 'any' type.
src/app/pages/super-admin/settings/sections/SettingsModals.tsx(106,25): error TS2304: Cannot find name 'WorkScheduleRecord'.
src/app/pages/super-admin/settings/sections/SettingsModals.tsx(127,30): error TS7006: Parameter 's' implicitly has an 'any' type.
src/app/pages/super-admin/settings/sections/SettingsModals.tsx(165,31): error TS7006: Parameter 's' implicitly has an 'any' type.
src/app/pages/super-admin/settings/sections/SettingsModals.tsx(186,22): error TS2304: Cannot find name 'LeaveTypeRecord'.
src/app/pages/super-admin/settings/sections/SettingsModals.tsx(207,31): error TS7006: Parameter 'l' implicitly has an 'any' type.
src/app/pages/super-admin/settings/sections/SettingsModals.tsx(241,32): error TS7006: Parameter 'l' implicitly has an 'any' type.
src/app/pages/super-admin/settings/sections/SettingsModals.tsx(290,23): error TS2304: Cannot find name 'HolidayRecord'.
src/app/pages/super-admin/settings/sections/SettingsModals.tsx(305,29): error TS7006: Parameter 'h' implicitly has an 'any' type.
src/app/pages/super-admin/settings/sections/SettingsModals.tsx(335,12): error TS7006: Parameter 'h' implicitly has an 'any' type.
src/app/pages/super-admin/settings/sections/SettingsModals.tsx(369,23): error TS2304: Cannot find name 'LocationRecord'.
src/app/pages/super-admin/settings/sections/SettingsModals.tsx(389,30): error TS7006: Parameter 'l' implicitly has an 'any' type.
src/app/pages/super-admin/settings/sections/SettingsModals.tsx(426,31): error TS7006: Parameter 'l' implicitly has an 'any' type.
src/app/pages/super-admin/settings/sections/SettingsModals.tsx(447,24): error TS2304: Cannot find name 'DepartmentRecord'.
src/app/pages/super-admin/settings/sections/SettingsModals.tsx(461,26): error TS7006: Parameter 'd' implicitly has an 'any' type.
src/app/pages/super-admin/settings/sections/SettingsModals.tsx(490,38): error TS7006: Parameter 'd' implicitly has an 'any' type.
src/app/pages/super-admin/settings/sections/SettingsModals.tsx(519,15): error TS7006: Parameter 'n' implicitly has an 'any' type.
src/app/pages/super-admin/settings/sections/SettingsModals.tsx(566,24): error TS7006: Parameter 'u' implicitly has an 'any' type.
src/app/pages/super-admin/settings/sections/SettingsModals.tsx(590,24): error TS7006: Parameter 'u' implicitly has an 'any' type.
src/app/pages/super-admin/settings/sections/SettingsModals.tsx(604,24): error TS7006: Parameter 'u' implicitly has an 'any' type.
src/app/pages/super-admin/settings/sections/SettingsModals.tsx(2487,34): error TS7006: Parameter 'd' implicitly has an 'any' type.
src/app/pages/super-admin/settings/sections/SettingsModals.tsx(5905,42): error TS7006: Parameter 'group' implicitly has an 'any' type.
src/app/pages/super-admin/settings/sections/SettingsModals.tsx(5921,43): error TS7006: Parameter 'mod' implicitly has an 'any' type.
src/app/pages/super-admin/settings/sections/SettingsModals.tsx(5936,40): error TS7006: Parameter 'prev' implicitly has an 'any' type.
src/app/pages/super-admin/settings/sections/UserManagementSection.tsx(227,29): error TS7006: Parameter 'u' implicitly has an 'any' type.
src/app/pages/super-admin/settings/sections/UserManagementSection.tsx(227,32): error TS7006: Parameter 'idx' implicitly has an 'any' type.
src/app/pages/super-admin/settings/sections/UserManagementSection.tsx(341,36): error TS7006: Parameter 'user' implicitly has an 'any' type.
src/app/pages/super-admin/settings/sections/WorkSchedulesSection.tsx(51,48): error TS7006: Parameter 's' implicitly has an 'any' type.
src/app/pages/super-admin/settings/sections/WorkSchedulesSection.tsx(149,42): error TS7006: Parameter 's' implicitly has an 'any' type.
src/app/pages/super-admin/settings/sections/WorkSchedulesSection.tsx(157,16): error TS7006: Parameter 'acc' implicitly has an 'any' type.
src/app/pages/super-admin/settings/sections/WorkSchedulesSection.tsx(157,21): error TS7006: Parameter 'curr' implicitly has an 'any' type.
src/app/pages/super-admin/settings/sections/WorkSchedulesSection.tsx(166,42): error TS7006: Parameter 's' implicitly has an 'any' type.
src/app/pages/super-admin/settings/sections/WorkSchedulesSection.tsx(334,34): error TS7006: Parameter 's' implicitly has an 'any' type.
src/app/pages/super-admin/settings/sections/WorkSchedulesSection.tsx(334,37): error TS7006: Parameter 'idx' implicitly has an 'any' type.
src/app/pages/super-admin/settings/sections/WorkSchedulesSection.tsx(507,43): error TS2304: Cannot find name 'WorkScheduleRecord'.
